// Vitest Snapshot v1, https://vitest.dev/guide/snapshot.html

exports[`sortReport > should sort the audits and audit groups in categories, plugin audits and audit issues 1`] = `
{
  "categories": [
    {
      "refs": [
        {
          "plugin": "cypress",
          "slug": "cypress-e2e-tests",
          "type": "audit",
          "weight": 3,
        },
        {
          "plugin": "cypress",
          "slug": "cypress-component-tests",
          "type": "audit",
          "weight": 1,
        },
      ],
      "score": 0.625,
      "slug": "test-results",
      "title": "Test results",
    },
    {
      "refs": [
        {
          "plugin": "eslint",
          "slug": "typescript-eslint",
          "type": "group",
          "weight": 8,
        },
        {
          "plugin": "eslint",
          "slug": "eslint-functional",
          "type": "audit",
          "weight": 1,
        },
        {
          "plugin": "eslint",
          "slug": "eslint-jest-consistent-naming",
          "type": "audit",
          "weight": 1,
        },
        {
          "plugin": "eslint",
          "slug": "typescript-eslint-extra",
          "type": "group",
          "weight": 0,
        },
        {
          "plugin": "eslint",
          "slug": "eslint-cypress",
          "type": "audit",
          "weight": 0,
        },
      ],
      "score": 0.3,
      "slug": "bug-prevention",
      "title": "Bug prevention",
    },
  ],
  "date": "2023-08-16T09:00:00.000Z",
  "duration": 666,
  "packageName": "@code-pushup/core",
  "plugins": [
    {
      "audits": [
        {
          "details": {
            "issues": [
              {
                "message": "Test \`Display progress for selected commit\` failed.",
                "severity": "error",
              },
              {
                "message": "Test \`Sort audit table based on value\` failed.",
                "severity": "error",
              },
              {
                "message": "Test \`Open Bug prevention category detail\` failed.",
                "severity": "error",
              },
            ],
          },
          "score": 0.5,
          "slug": "cypress-e2e-tests",
          "title": "Cypress e2e tests",
          "value": 3,
        },
        {
          "score": 1,
          "slug": "cypress-component-tests",
          "title": "Cypress component tests",
          "value": 0,
        },
      ],
      "date": "2023-08-16T09:00:00.000Z",
      "duration": 42,
      "groups": [],
      "icon": "cypress",
      "slug": "cypress",
      "title": "Cypress results",
    },
    {
      "audits": [
        {
          "details": {
            "issues": [
              {
                "message": "outputFile does not exist in type Cli",
                "severity": "error",
                "source": {
                  "file": "packages/cli/cli.ts",
                  "position": {
                    "endColumn": 10,
                    "endLine": 5,
                    "startColumn": 1,
                    "startLine": 1,
                  },
                },
              },
              {
                "message": "command might be undefined",
                "severity": "warning",
                "source": {
                  "file": "packages/cli/cli.ts",
                  "position": {
                    "endColumn": 20,
                    "endLine": 5,
                    "startColumn": 10,
                    "startLine": 5,
                  },
                },
              },
            ],
          },
          "score": 0,
          "slug": "typescript-eslint-typing",
          "title": "Type checking",
          "value": 2,
        },
        {
          "details": {
            "issues": [
              {
                "message": "Unexpected let, use const instead.",
                "severity": "error",
                "source": {
                  "file": "packages/core/report.ts",
                },
              },
            ],
          },
          "score": 0,
          "slug": "eslint-functional",
          "title": "Functional principles",
          "value": 1,
        },
        {
          "details": {
            "issues": [
              {
                "message": "Use better-enums.",
                "severity": "info",
              },
            ],
          },
          "score": 0,
          "slug": "typescript-eslint-experimental",
          "title": "TypeScript experimental checks",
          "value": 1,
        },
        {
          "score": 1,
          "slug": "eslint-jest-consistent-naming",
          "title": "Consistent naming",
          "value": 0,
        },
        {
          "score": 1,
          "slug": "eslint-cypress",
          "title": "Cypress rules",
          "value": 0,
        },
        {
          "score": 1,
          "slug": "typescript-eslint-enums",
          "title": "Enumeration value checks",
          "value": 0,
        },
      ],
      "date": "2023-08-16T09:00:00.000Z",
      "duration": 624,
      "groups": [
        {
          "refs": [
            {
              "slug": "typescript-eslint-typing",
              "weight": 3,
            },
            {
              "slug": "typescript-eslint-enums",
              "weight": 1,
            },
            {
              "slug": "typescript-eslint-experimental",
              "weight": 0,
            },
          ],
          "score": 0.25,
          "slug": "typescript-eslint",
          "title": "TypeScript ESLint",
        },
        {
          "refs": [
            {
              "slug": "typescript-eslint-experimental",
              "weight": 1,
            },
          ],
          "score": 0,
          "slug": "typescript-eslint-extra",
          "title": "TypeScript ESLint Extra",
        },
      ],
      "icon": "eslint",
      "slug": "eslint",
      "title": "ESLint",
    },
  ],
  "version": "1.0.0",
}
`;
