// Vitest Snapshot v1, https://vitest.dev/guide/snapshot.html

exports[`lcovResultsToAuditOutputs > should correctly convert lcov results to AuditOutputs 1`] = `
[
  {
    "details": {
      "issues": [
        {
          "message": "Branch 0 is not taken in any test case.",
          "severity": "error",
          "source": {
            "file": "packages/cli/src/lib/utils.ts",
            "position": {
              "startLine": 6,
            },
          },
        },
        {
          "message": "Branch 0 is not taken in any test case.",
          "severity": "error",
          "source": {
            "file": "packages/cli/src/lib/utils.ts",
            "position": {
              "startLine": 10,
            },
          },
        },
      ],
    },
    "displayValue": "80 %",
    "score": 0.8,
    "slug": "branch-coverage",
    "value": 80,
  },
  {
    "details": undefined,
    "displayValue": "100 %",
    "score": 1,
    "slug": "function-coverage",
    "value": 100,
  },
  {
    "details": {
      "issues": [
        {
          "message": "Lines 7-9 are not covered in any test case.",
          "severity": "warning",
          "source": {
            "file": "packages/cli/src/lib/utils.ts",
            "position": {
              "endLine": 9,
              "startLine": 7,
            },
          },
        },
      ],
    },
    "displayValue": "70 %",
    "score": 0.7,
    "slug": "line-coverage",
    "value": 70,
  },
]
`;
