Code PushUp CLI
[ info ] Run collect...
Code PushUp Report - @code-pushup/core@0.57.0


Typescript audits

● Semantic-Errors                                           2
● Configuration-Errors                                      1
● Language-Service-Errors                                   1
● Syntax-Errors                                             1
● Internal-Errors                                           0
● Unknown-Codes                                             0

Categories

┌─────────────────────────────────────────────────────────┬─────────┬──────────┐
│  Category                                               │  Score  │  Audits  │
├─────────────────────────────────────────────────────────┼─────────┼──────────┤
│  Typescript                                             │     28  │       6  │
└─────────────────────────────────────────────────────────┴─────────┴──────────┘

Made with ❤ by code-pushup.dev

[ success ] Generated reports successfully: 
[ success ] Collecting report successful!
╭────────────────────────────────────────────────────────────────────────────────────────────╮
│                                                                                            │
│    💡 Visualize your reports                                                               │
│                                                                                            │
│    ❯ npx code-pushup upload - Run upload to upload the created report to the server        │
│      https://github.com/code-pushup/cli/tree/main/packages/cli#upload-command              │
│    ❯ npx code-pushup autorun - Run collect & upload                                        │
│      https://github.com/code-pushup/cli/tree/main/packages/cli#autorun-command             │
│                                                                                            │
╰────────────────────────────────────────────────────────────────────────────────────────────╯
