// Vitest Snapshot v1, https://vitest.dev/guide/snapshot.html

exports[`uploadToPortal > should work 1`] = `
{
  "data": {
    "categories": [],
    "commandDuration": 42,
    "commandStartDate": "Tue Oct 10 2023",
    "commit": "8b130390059a9986fd06f9c9fc2415ad7963da5b",
    "organization": "code-pushup",
    "packageName": "mock-package",
    "packageVersion": "0.0.0",
    "plugins": [
      {
        "audits": [
          {
            "description": "Description of mock-audit-slug",
            "details": {
              "issues": [
                {
                  "message": "",
                  "severity": "Error",
                  "sourceEndColumn": 4,
                  "sourceEndLine": 3,
                  "sourceFilePath": "the-file.ts",
                  "sourceStartColumn": 2,
                  "sourceStartLine": 1,
                  "sourceType": "SourceCode",
                },
              ],
            },
            "docsUrl": "https://audit.dev?mock-audit-slug",
            "formattedValue": "",
            "score": 0,
            "slug": "mock-audit-slug",
            "title": "Title of mock-audit-slug",
            "value": 12,
          },
        ],
        "description": "Plugin description of mock-plugin-slug",
        "docsUrl": "http://plugin.io/docs/mock-plugin-slug",
        "groups": [],
        "icon": "nrwl",
        "packageName": "mock-plugin-slug",
        "packageVersion": "0.0.1",
        "runnerDuration": 420,
        "runnerStartDate": "Tue Oct 10 2023",
        "slug": "mock-plugin-slug",
        "title": "Title of mock-plugin-slug",
      },
    ],
    "project": "cli",
  },
}
`;
