// Vitest Snapshot v1, https://vitest.dev/guide/snapshot.html

exports[`CLI help > should print help 1`] = `
"[1mCode PushUp CLI[22m

Commands:
  code-pushup          Run Plugins and collect results                 [default]
  code-pushup collect  Run Plugins and collect results
  code-pushup upload   Upload report results to the portal

Options:
      --version      Show version number                               [boolean]
      --interactive  When false disables interactive input prompts for options.
                                                       [boolean] [default: true]
      --verbose      When true creates more verbose output. This is helpful when
                      debugging.                      [boolean] [default: false]
      --config       Path the the config file, e.g. code-pushup.config.js
                                     [string] [default: \\"code-pushup.config.js\\"]
      --format       Format of the report output. e.g. \`md\`, \`json\`, \`stdout\`
                                                                         [array]
      --apiKey       apiKey for the portal                              [string]
  -h, --help         Show help                                         [boolean]
"
`;
