// Vitest Snapshot v1, https://vitest.dev/guide/snapshot.html

exports[`configuration generator > should add code-pushup.config.ts to the project root 1`] = `
"import type { CoreConfig } from '@code-pushup/models';

// see: https://github.com/code-pushup/cli/blob/main/packages/models/docs/models-reference.md#coreconfig
const config: CoreConfig = {
  plugins: [
    // ...
  ],
};

export default config;
"
`;

exports[`generateCodePushupConfig > should add code-pushup.config.ts to the project root 1`] = `
"import type { CoreConfig } from '@code-pushup/models';

// see: https://github.com/code-pushup/cli/blob/main/packages/models/docs/models-reference.md#coreconfig
const config: CoreConfig = {
  plugins: [
    // ...
  ]
};

export default config;
"
`;
