{"hash":"368ee17f9e181219975b","version":"5.99.9","time":47,"builtAt":1750182649375,"publicPath":"auto","outputPath":"/Users/michael_hladky/WebstormProjects/quality-metrics-cli/tmp/e2e/plugin-bundle-stats/__test__/webpack-stats/dist","assetsByChunkName":{"main":["bundle.js"]},"assets":[{"type":"asset","name":"bundle.js","size":17502,"emitted":true,"comparedForEmit":false,"cached":false,"info":{"javascriptModule":false,"size":17502},"chunkNames":["main"],"chunkIdHints":[],"auxiliaryChunkNames":[],"auxiliaryChunkIdHints":[],"related":[],"chunks":["main"],"auxiliaryChunks":[],"isOverSizeLimit":false},{"type":"asset","name":"src_dynamic_js.bundle.js","size":1201,"emitted":true,"comparedForEmit":false,"cached":false,"info":{"javascriptModule":false,"size":1201},"chunkNames":[],"chunkIdHints":[],"auxiliaryChunkNames":[],"auxiliaryChunkIdHints":[],"related":[],"chunks":["src_dynamic_js"],"auxiliaryChunks":[],"isOverSizeLimit":false}],"chunks":[{"rendered":true,"initial":true,"entry":true,"recorded":false,"size":10002,"sizes":{"javascript":3132,"runtime":6870},"names":["main"],"idHints":[],"runtime":["main"],"files":["bundle.js"],"auxiliaryFiles":[],"hash":"e7c0d98a82b13b5b00a0","childrenByOrder":{},"id":"main","siblings":[],"parents":[],"children":["src_dynamic_js"],"modules":[{"type":"module","moduleType":"javascript/esm","layer":null,"size":401,"sizes":{"javascript":401},"built":true,"codeGenerated":true,"buildTimeExecuted":false,"cached":false,"identifier":"javascript/esm|/Users/michael_hladky/WebstormProjects/quality-metrics-cli/tmp/e2e/plugin-bundle-stats/__test__/webpack-stats/src/index.js","name":"./src/index.js","nameForCondition":"/Users/michael_hladky/WebstormProjects/quality-metrics-cli/tmp/e2e/plugin-bundle-stats/__test__/webpack-stats/src/index.js","index":0,"preOrderIndex":0,"index2":3,"postOrderIndex":3,"cacheable":true,"optional":false,"orphan":false,"dependent":false,"issuer":null,"issuerName":null,"issuerPath":null,"failed":false,"errors":0,"warnings":0,"id":"./src/index.js","issuerId":null,"chunks":["main"],"assets":[],"reasons":[{"moduleIdentifier":null,"module":null,"moduleName":null,"resolvedModuleIdentifier":null,"resolvedModule":null,"type":"entry","active":true,"explanation":"","userRequest":"./src/index.js","loc":"main","moduleId":null,"resolvedModuleId":null}],"usedExports":null,"providedExports":["default"],"optimizationBailout":[],"depth":0},{"type":"module","moduleType":"javascript/esm","layer":null,"size":69,"sizes":{"javascript":69},"built":true,"codeGenerated":true,"buildTimeExecuted":false,"cached":false,"identifier":"javascript/esm|/Users/michael_hladky/WebstormProjects/quality-metrics-cli/tmp/e2e/plugin-bundle-stats/__test__/webpack-stats/src/side-effects.js","name":"./src/side-effects.js","nameForCondition":"/Users/michael_hladky/WebstormProjects/quality-metrics-cli/tmp/e2e/plugin-bundle-stats/__test__/webpack-stats/src/side-effects.js","index":2,"preOrderIndex":2,"index2":1,"postOrderIndex":1,"cacheable":true,"optional":false,"orphan":false,"dependent":true,"issuer":"javascript/esm|/Users/michael_hladky/WebstormProjects/quality-metrics-cli/tmp/e2e/plugin-bundle-stats/__test__/webpack-stats/src/index.js","issuerName":"./src/index.js","issuerPath":[{"identifier":"javascript/esm|/Users/michael_hladky/WebstormProjects/quality-metrics-cli/tmp/e2e/plugin-bundle-stats/__test__/webpack-stats/src/index.js","name":"./src/index.js","id":"./src/index.js"}],"failed":false,"errors":0,"warnings":0,"id":"./src/side-effects.js","issuerId":"./src/index.js","chunks":["main"],"assets":[],"reasons":[{"moduleIdentifier":"javascript/esm|/Users/michael_hladky/WebstormProjects/quality-metrics-cli/tmp/e2e/plugin-bundle-stats/__test__/webpack-stats/src/index.js","module":"./src/index.js","moduleName":"./src/index.js","resolvedModuleIdentifier":"javascript/esm|/Users/michael_hladky/WebstormProjects/quality-metrics-cli/tmp/e2e/plugin-bundle-stats/__test__/webpack-stats/src/index.js","resolvedModule":"./src/index.js","type":"harmony side effect evaluation","active":true,"explanation":"","userRequest":"./side-effects.js","loc":"2:0-27","moduleId":"./src/index.js","resolvedModuleId":"./src/index.js"}],"usedExports":null,"providedExports":["sideEffect"],"optimizationBailout":[],"depth":1},{"type":"module","moduleType":"asset/source","layer":null,"size":67,"sizes":{"javascript":67},"built":true,"codeGenerated":true,"buildTimeExecuted":false,"cached":false,"identifier":"asset/source|/Users/michael_hladky/WebstormProjects/quality-metrics-cli/tmp/e2e/plugin-bundle-stats/__test__/webpack-stats/src/styles.css","name":"./src/styles.css","nameForCondition":"/Users/michael_hladky/WebstormProjects/quality-metrics-cli/tmp/e2e/plugin-bundle-stats/__test__/webpack-stats/src/styles.css","index":3,"preOrderIndex":3,"index2":2,"postOrderIndex":2,"cacheable":true,"optional":false,"orphan":false,"dependent":true,"issuer":"javascript/esm|/Users/michael_hladky/WebstormProjects/quality-metrics-cli/tmp/e2e/plugin-bundle-stats/__test__/webpack-stats/src/index.js","issuerName":"./src/index.js","issuerPath":[{"identifier":"javascript/esm|/Users/michael_hladky/WebstormProjects/quality-metrics-cli/tmp/e2e/plugin-bundle-stats/__test__/webpack-stats/src/index.js","name":"./src/index.js","id":"./src/index.js"}],"failed":false,"errors":0,"warnings":0,"id":"./src/styles.css","issuerId":"./src/index.js","chunks":["main"],"assets":[],"reasons":[{"moduleIdentifier":"javascript/esm|/Users/michael_hladky/WebstormProjects/quality-metrics-cli/tmp/e2e/plugin-bundle-stats/__test__/webpack-stats/src/index.js","module":"./src/index.js","moduleName":"./src/index.js","resolvedModuleIdentifier":"javascript/esm|/Users/michael_hladky/WebstormProjects/quality-metrics-cli/tmp/e2e/plugin-bundle-stats/__test__/webpack-stats/src/index.js","resolvedModule":"./src/index.js","type":"harmony side effect evaluation","active":true,"explanation":"","userRequest":"./styles.css","loc":"3:0-22","moduleId":"./src/index.js","resolvedModuleId":"./src/index.js"}],"usedExports":null,"providedExports":[],"optimizationBailout":[],"depth":1},{"type":"module","moduleType":"javascript/esm","layer":null,"size":2595,"sizes":{"javascript":2595},"built":true,"codeGenerated":true,"buildTimeExecuted":false,"cached":false,"identifier":"javascript/esm|/Users/michael_hladky/WebstormProjects/quality-metrics-cli/tmp/e2e/plugin-bundle-stats/__test__/webpack-stats/src/utils.js","name":"./src/utils.js","nameForCondition":"/Users/michael_hladky/WebstormProjects/quality-metrics-cli/tmp/e2e/plugin-bundle-stats/__test__/webpack-stats/src/utils.js","index":1,"preOrderIndex":1,"index2":0,"postOrderIndex":0,"cacheable":true,"optional":false,"orphan":false,"dependent":true,"issuer":"javascript/esm|/Users/michael_hladky/WebstormProjects/quality-metrics-cli/tmp/e2e/plugin-bundle-stats/__test__/webpack-stats/src/index.js","issuerName":"./src/index.js","issuerPath":[{"identifier":"javascript/esm|/Users/michael_hladky/WebstormProjects/quality-metrics-cli/tmp/e2e/plugin-bundle-stats/__test__/webpack-stats/src/index.js","name":"./src/index.js","id":"./src/index.js"}],"failed":false,"errors":0,"warnings":0,"id":"./src/utils.js","issuerId":"./src/index.js","chunks":["main"],"assets":[],"reasons":[{"moduleIdentifier":"javascript/esm|/Users/michael_hladky/WebstormProjects/quality-metrics-cli/tmp/e2e/plugin-bundle-stats/__test__/webpack-stats/src/index.js","module":"./src/index.js","moduleName":"./src/index.js","resolvedModuleIdentifier":"javascript/esm|/Users/michael_hladky/WebstormProjects/quality-metrics-cli/tmp/e2e/plugin-bundle-stats/__test__/webpack-stats/src/index.js","resolvedModule":"./src/index.js","type":"harmony side effect evaluation","active":true,"explanation":"","userRequest":"./utils.js","loc":"1:0-35","moduleId":"./src/index.js","resolvedModuleId":"./src/index.js"},{"moduleIdentifier":"javascript/esm|/Users/michael_hladky/WebstormProjects/quality-metrics-cli/tmp/e2e/plugin-bundle-stats/__test__/webpack-stats/src/index.js","module":"./src/index.js","moduleName":"./src/index.js","resolvedModuleIdentifier":"javascript/esm|/Users/michael_hladky/WebstormProjects/quality-metrics-cli/tmp/e2e/plugin-bundle-stats/__test__/webpack-stats/src/index.js","resolvedModule":"./src/index.js","type":"harmony import specifier","active":true,"explanation":"","userRequest":"./utils.js","loc":"10:20-25","moduleId":"./src/index.js","resolvedModuleId":"./src/index.js"}],"usedExports":null,"providedExports":["BIG_DATA","add","greet","multiply"],"optimizationBailout":[],"depth":1},{"type":"module","moduleType":"runtime","layer":null,"size":308,"sizes":{"runtime":308},"built":false,"codeGenerated":true,"buildTimeExecuted":false,"cached":false,"identifier":"webpack/runtime/define property getters","name":"webpack/runtime/define property getters","nameForCondition":null,"index":null,"preOrderIndex":null,"index2":null,"postOrderIndex":null,"optional":false,"orphan":false,"dependent":false,"failed":false,"errors":0,"warnings":0,"id":"","chunks":["main"],"assets":[],"reasons":[],"usedExports":null,"providedExports":[],"optimizationBailout":[],"depth":null},{"type":"module","moduleType":"runtime","layer":null,"size":326,"sizes":{"runtime":326},"built":false,"codeGenerated":true,"buildTimeExecuted":false,"cached":false,"identifier":"webpack/runtime/ensure chunk","name":"webpack/runtime/ensure chunk","nameForCondition":null,"index":null,"preOrderIndex":null,"index2":null,"postOrderIndex":null,"optional":false,"orphan":false,"dependent":false,"failed":false,"errors":0,"warnings":0,"id":"","chunks":["main"],"assets":[],"reasons":[],"usedExports":null,"providedExports":[],"optimizationBailout":[],"depth":null},{"type":"module","moduleType":"runtime","layer":null,"size":174,"sizes":{"runtime":174},"built":false,"codeGenerated":true,"buildTimeExecuted":false,"cached":false,"identifier":"webpack/runtime/get javascript chunk filename","name":"webpack/runtime/get javascript chunk filename","nameForCondition":null,"index":null,"preOrderIndex":null,"index2":null,"postOrderIndex":null,"optional":false,"orphan":false,"dependent":false,"failed":false,"errors":0,"warnings":0,"id":"","chunks":["main"],"assets":[],"reasons":[],"usedExports":null,"providedExports":[],"optimizationBailout":[],"depth":null},{"type":"module","moduleType":"runtime","layer":null,"size":221,"sizes":{"runtime":221},"built":false,"codeGenerated":true,"buildTimeExecuted":false,"cached":false,"identifier":"webpack/runtime/global","name":"webpack/runtime/global","nameForCondition":null,"index":null,"preOrderIndex":null,"index2":null,"postOrderIndex":null,"optional":false,"orphan":false,"dependent":false,"failed":false,"errors":0,"warnings":0,"id":"","chunks":["main"],"assets":[],"reasons":[],"usedExports":null,"providedExports":[],"optimizationBailout":[],"depth":null},{"type":"module","moduleType":"runtime","layer":null,"size":88,"sizes":{"runtime":88},"built":false,"codeGenerated":true,"buildTimeExecuted":false,"cached":false,"identifier":"webpack/runtime/hasOwnProperty shorthand","name":"webpack/runtime/hasOwnProperty shorthand","nameForCondition":null,"index":null,"preOrderIndex":null,"index2":null,"postOrderIndex":null,"optional":false,"orphan":false,"dependent":false,"failed":false,"errors":0,"warnings":0,"id":"","chunks":["main"],"assets":[],"reasons":[],"usedExports":null,"providedExports":[],"optimizationBailout":[],"depth":null},{"type":"module","moduleType":"runtime","layer":null,"size":3041,"sizes":{"runtime":3041},"built":false,"codeGenerated":true,"buildTimeExecuted":false,"cached":false,"identifier":"webpack/runtime/jsonp chunk loading","name":"webpack/runtime/jsonp chunk loading","nameForCondition":null,"index":null,"preOrderIndex":null,"index2":null,"postOrderIndex":null,"optional":false,"orphan":false,"dependent":false,"failed":false,"errors":0,"warnings":0,"id":"","chunks":["main"],"assets":[],"reasons":[],"usedExports":null,"providedExports":[],"optimizationBailout":[],"depth":null},{"type":"module","moduleType":"runtime","layer":null,"size":1397,"sizes":{"runtime":1397},"built":false,"codeGenerated":true,"buildTimeExecuted":false,"cached":false,"identifier":"webpack/runtime/load script","name":"webpack/runtime/load script","nameForCondition":null,"index":null,"preOrderIndex":null,"index2":null,"postOrderIndex":null,"optional":false,"orphan":false,"dependent":false,"failed":false,"errors":0,"warnings":0,"id":"","chunks":["main"],"assets":[],"reasons":[],"usedExports":null,"providedExports":[],"optimizationBailout":[],"depth":null},{"type":"module","moduleType":"runtime","layer":null,"size":274,"sizes":{"runtime":274},"built":false,"codeGenerated":true,"buildTimeExecuted":false,"cached":false,"identifier":"webpack/runtime/make namespace object","name":"webpack/runtime/make namespace object","nameForCondition":null,"index":null,"preOrderIndex":null,"index2":null,"postOrderIndex":null,"optional":false,"orphan":false,"dependent":false,"failed":false,"errors":0,"warnings":0,"id":"","chunks":["main"],"assets":[],"reasons":[],"usedExports":null,"providedExports":[],"optimizationBailout":[],"depth":null},{"type":"module","moduleType":"runtime","layer":null,"size":1041,"sizes":{"runtime":1041},"built":false,"codeGenerated":true,"buildTimeExecuted":false,"cached":false,"identifier":"webpack/runtime/publicPath","name":"webpack/runtime/publicPath","nameForCondition":null,"index":null,"preOrderIndex":null,"index2":null,"postOrderIndex":null,"optional":false,"orphan":false,"dependent":false,"failed":false,"errors":0,"warnings":0,"id":"","chunks":["main"],"assets":[],"reasons":[],"usedExports":null,"providedExports":[],"optimizationBailout":[],"depth":null}],"origins":[{"module":"","moduleIdentifier":"","moduleName":"","loc":"main","request":"./src/index.js"}]},{"rendered":true,"initial":false,"entry":false,"recorded":false,"size":61,"sizes":{"javascript":61},"names":[],"idHints":[],"runtime":["main"],"files":["src_dynamic_js.bundle.js"],"auxiliaryFiles":[],"hash":"18bec9f639bc972d1511","childrenByOrder":{},"id":"src_dynamic_js","siblings":[],"parents":["main"],"children":[],"modules":[{"type":"module","moduleType":"javascript/esm","layer":null,"size":61,"sizes":{"javascript":61},"built":true,"codeGenerated":true,"buildTimeExecuted":false,"cached":false,"identifier":"javascript/esm|/Users/michael_hladky/WebstormProjects/quality-metrics-cli/tmp/e2e/plugin-bundle-stats/__test__/webpack-stats/src/dynamic.js","name":"./src/dynamic.js","nameForCondition":"/Users/michael_hladky/WebstormProjects/quality-metrics-cli/tmp/e2e/plugin-bundle-stats/__test__/webpack-stats/src/dynamic.js","index":4,"preOrderIndex":4,"index2":4,"postOrderIndex":4,"cacheable":true,"optional":false,"orphan":false,"dependent":false,"issuer":"javascript/esm|/Users/michael_hladky/WebstormProjects/quality-metrics-cli/tmp/e2e/plugin-bundle-stats/__test__/webpack-stats/src/index.js","issuerName":"./src/index.js","issuerPath":[{"identifier":"javascript/esm|/Users/michael_hladky/WebstormProjects/quality-metrics-cli/tmp/e2e/plugin-bundle-stats/__test__/webpack-stats/src/index.js","name":"./src/index.js","id":"./src/index.js"}],"failed":false,"errors":0,"warnings":0,"id":"./src/dynamic.js","issuerId":"./src/index.js","chunks":["src_dynamic_js"],"assets":[],"reasons":[{"moduleIdentifier":"javascript/esm|/Users/michael_hladky/WebstormProjects/quality-metrics-cli/tmp/e2e/plugin-bundle-stats/__test__/webpack-stats/src/index.js","module":"./src/index.js","moduleName":"./src/index.js","resolvedModuleIdentifier":"javascript/esm|/Users/michael_hladky/WebstormProjects/quality-metrics-cli/tmp/e2e/plugin-bundle-stats/__test__/webpack-stats/src/index.js","resolvedModule":"./src/index.js","type":"import()","active":true,"explanation":"","userRequest":"./dynamic.js","loc":"8:28-50","moduleId":"./src/index.js","resolvedModuleId":"./src/index.js"}],"usedExports":null,"providedExports":["loadDynamic"],"optimizationBailout":[],"depth":1}],"origins":[{"module":"javascript/esm|/Users/michael_hladky/WebstormProjects/quality-metrics-cli/tmp/e2e/plugin-bundle-stats/__test__/webpack-stats/src/index.js","moduleIdentifier":"javascript/esm|/Users/michael_hladky/WebstormProjects/quality-metrics-cli/tmp/e2e/plugin-bundle-stats/__test__/webpack-stats/src/index.js","moduleName":"./src/index.js","loc":"8:28-50","request":"./dynamic.js","moduleId":"./src/index.js"}]}],"modules":[{"type":"module","moduleType":"javascript/esm","layer":null,"size":401,"sizes":{"javascript":401},"built":true,"codeGenerated":true,"buildTimeExecuted":false,"cached":false,"identifier":"javascript/esm|/Users/michael_hladky/WebstormProjects/quality-metrics-cli/tmp/e2e/plugin-bundle-stats/__test__/webpack-stats/src/index.js","name":"./src/index.js","nameForCondition":"/Users/michael_hladky/WebstormProjects/quality-metrics-cli/tmp/e2e/plugin-bundle-stats/__test__/webpack-stats/src/index.js","index":0,"preOrderIndex":0,"index2":3,"postOrderIndex":3,"cacheable":true,"optional":false,"orphan":false,"issuer":null,"issuerName":null,"issuerPath":null,"failed":false,"errors":0,"warnings":0,"id":"./src/index.js","issuerId":null,"chunks":["main"],"assets":[],"reasons":[{"moduleIdentifier":null,"module":null,"moduleName":null,"resolvedModuleIdentifier":null,"resolvedModule":null,"type":"entry","active":true,"explanation":"","userRequest":"./src/index.js","loc":"main","moduleId":null,"resolvedModuleId":null}],"usedExports":null,"providedExports":["default"],"optimizationBailout":[],"depth":0},{"type":"module","moduleType":"javascript/esm","layer":null,"size":2595,"sizes":{"javascript":2595},"built":true,"codeGenerated":true,"buildTimeExecuted":false,"cached":false,"identifier":"javascript/esm|/Users/michael_hladky/WebstormProjects/quality-metrics-cli/tmp/e2e/plugin-bundle-stats/__test__/webpack-stats/src/utils.js","name":"./src/utils.js","nameForCondition":"/Users/michael_hladky/WebstormProjects/quality-metrics-cli/tmp/e2e/plugin-bundle-stats/__test__/webpack-stats/src/utils.js","index":1,"preOrderIndex":1,"index2":0,"postOrderIndex":0,"cacheable":true,"optional":false,"orphan":false,"issuer":"javascript/esm|/Users/michael_hladky/WebstormProjects/quality-metrics-cli/tmp/e2e/plugin-bundle-stats/__test__/webpack-stats/src/index.js","issuerName":"./src/index.js","issuerPath":[{"identifier":"javascript/esm|/Users/michael_hladky/WebstormProjects/quality-metrics-cli/tmp/e2e/plugin-bundle-stats/__test__/webpack-stats/src/index.js","name":"./src/index.js","id":"./src/index.js"}],"failed":false,"errors":0,"warnings":0,"id":"./src/utils.js","issuerId":"./src/index.js","chunks":["main"],"assets":[],"reasons":[{"moduleIdentifier":"javascript/esm|/Users/michael_hladky/WebstormProjects/quality-metrics-cli/tmp/e2e/plugin-bundle-stats/__test__/webpack-stats/src/index.js","module":"./src/index.js","moduleName":"./src/index.js","resolvedModuleIdentifier":"javascript/esm|/Users/michael_hladky/WebstormProjects/quality-metrics-cli/tmp/e2e/plugin-bundle-stats/__test__/webpack-stats/src/index.js","resolvedModule":"./src/index.js","type":"harmony side effect evaluation","active":true,"explanation":"","userRequest":"./utils.js","loc":"1:0-35","moduleId":"./src/index.js","resolvedModuleId":"./src/index.js"},{"moduleIdentifier":"javascript/esm|/Users/michael_hladky/WebstormProjects/quality-metrics-cli/tmp/e2e/plugin-bundle-stats/__test__/webpack-stats/src/index.js","module":"./src/index.js","moduleName":"./src/index.js","resolvedModuleIdentifier":"javascript/esm|/Users/michael_hladky/WebstormProjects/quality-metrics-cli/tmp/e2e/plugin-bundle-stats/__test__/webpack-stats/src/index.js","resolvedModule":"./src/index.js","type":"harmony import specifier","active":true,"explanation":"","userRequest":"./utils.js","loc":"10:20-25","moduleId":"./src/index.js","resolvedModuleId":"./src/index.js"}],"usedExports":null,"providedExports":["BIG_DATA","add","greet","multiply"],"optimizationBailout":[],"depth":1},{"type":"module","moduleType":"javascript/esm","layer":null,"size":69,"sizes":{"javascript":69},"built":true,"codeGenerated":true,"buildTimeExecuted":false,"cached":false,"identifier":"javascript/esm|/Users/michael_hladky/WebstormProjects/quality-metrics-cli/tmp/e2e/plugin-bundle-stats/__test__/webpack-stats/src/side-effects.js","name":"./src/side-effects.js","nameForCondition":"/Users/michael_hladky/WebstormProjects/quality-metrics-cli/tmp/e2e/plugin-bundle-stats/__test__/webpack-stats/src/side-effects.js","index":2,"preOrderIndex":2,"index2":1,"postOrderIndex":1,"cacheable":true,"optional":false,"orphan":false,"issuer":"javascript/esm|/Users/michael_hladky/WebstormProjects/quality-metrics-cli/tmp/e2e/plugin-bundle-stats/__test__/webpack-stats/src/index.js","issuerName":"./src/index.js","issuerPath":[{"identifier":"javascript/esm|/Users/michael_hladky/WebstormProjects/quality-metrics-cli/tmp/e2e/plugin-bundle-stats/__test__/webpack-stats/src/index.js","name":"./src/index.js","id":"./src/index.js"}],"failed":false,"errors":0,"warnings":0,"id":"./src/side-effects.js","issuerId":"./src/index.js","chunks":["main"],"assets":[],"reasons":[{"moduleIdentifier":"javascript/esm|/Users/michael_hladky/WebstormProjects/quality-metrics-cli/tmp/e2e/plugin-bundle-stats/__test__/webpack-stats/src/index.js","module":"./src/index.js","moduleName":"./src/index.js","resolvedModuleIdentifier":"javascript/esm|/Users/michael_hladky/WebstormProjects/quality-metrics-cli/tmp/e2e/plugin-bundle-stats/__test__/webpack-stats/src/index.js","resolvedModule":"./src/index.js","type":"harmony side effect evaluation","active":true,"explanation":"","userRequest":"./side-effects.js","loc":"2:0-27","moduleId":"./src/index.js","resolvedModuleId":"./src/index.js"}],"usedExports":null,"providedExports":["sideEffect"],"optimizationBailout":[],"depth":1},{"type":"module","moduleType":"asset/source","layer":null,"size":67,"sizes":{"javascript":67},"built":true,"codeGenerated":true,"buildTimeExecuted":false,"cached":false,"identifier":"asset/source|/Users/michael_hladky/WebstormProjects/quality-metrics-cli/tmp/e2e/plugin-bundle-stats/__test__/webpack-stats/src/styles.css","name":"./src/styles.css","nameForCondition":"/Users/michael_hladky/WebstormProjects/quality-metrics-cli/tmp/e2e/plugin-bundle-stats/__test__/webpack-stats/src/styles.css","index":3,"preOrderIndex":3,"index2":2,"postOrderIndex":2,"cacheable":true,"optional":false,"orphan":false,"issuer":"javascript/esm|/Users/michael_hladky/WebstormProjects/quality-metrics-cli/tmp/e2e/plugin-bundle-stats/__test__/webpack-stats/src/index.js","issuerName":"./src/index.js","issuerPath":[{"identifier":"javascript/esm|/Users/michael_hladky/WebstormProjects/quality-metrics-cli/tmp/e2e/plugin-bundle-stats/__test__/webpack-stats/src/index.js","name":"./src/index.js","id":"./src/index.js"}],"failed":false,"errors":0,"warnings":0,"id":"./src/styles.css","issuerId":"./src/index.js","chunks":["main"],"assets":[],"reasons":[{"moduleIdentifier":"javascript/esm|/Users/michael_hladky/WebstormProjects/quality-metrics-cli/tmp/e2e/plugin-bundle-stats/__test__/webpack-stats/src/index.js","module":"./src/index.js","moduleName":"./src/index.js","resolvedModuleIdentifier":"javascript/esm|/Users/michael_hladky/WebstormProjects/quality-metrics-cli/tmp/e2e/plugin-bundle-stats/__test__/webpack-stats/src/index.js","resolvedModule":"./src/index.js","type":"harmony side effect evaluation","active":true,"explanation":"","userRequest":"./styles.css","loc":"3:0-22","moduleId":"./src/index.js","resolvedModuleId":"./src/index.js"}],"usedExports":null,"providedExports":[],"optimizationBailout":[],"depth":1},{"type":"module","moduleType":"javascript/esm","layer":null,"size":61,"sizes":{"javascript":61},"built":true,"codeGenerated":true,"buildTimeExecuted":false,"cached":false,"identifier":"javascript/esm|/Users/michael_hladky/WebstormProjects/quality-metrics-cli/tmp/e2e/plugin-bundle-stats/__test__/webpack-stats/src/dynamic.js","name":"./src/dynamic.js","nameForCondition":"/Users/michael_hladky/WebstormProjects/quality-metrics-cli/tmp/e2e/plugin-bundle-stats/__test__/webpack-stats/src/dynamic.js","index":4,"preOrderIndex":4,"index2":4,"postOrderIndex":4,"cacheable":true,"optional":false,"orphan":false,"issuer":"javascript/esm|/Users/michael_hladky/WebstormProjects/quality-metrics-cli/tmp/e2e/plugin-bundle-stats/__test__/webpack-stats/src/index.js","issuerName":"./src/index.js","issuerPath":[{"identifier":"javascript/esm|/Users/michael_hladky/WebstormProjects/quality-metrics-cli/tmp/e2e/plugin-bundle-stats/__test__/webpack-stats/src/index.js","name":"./src/index.js","id":"./src/index.js"}],"failed":false,"errors":0,"warnings":0,"id":"./src/dynamic.js","issuerId":"./src/index.js","chunks":["src_dynamic_js"],"assets":[],"reasons":[{"moduleIdentifier":"javascript/esm|/Users/michael_hladky/WebstormProjects/quality-metrics-cli/tmp/e2e/plugin-bundle-stats/__test__/webpack-stats/src/index.js","module":"./src/index.js","moduleName":"./src/index.js","resolvedModuleIdentifier":"javascript/esm|/Users/michael_hladky/WebstormProjects/quality-metrics-cli/tmp/e2e/plugin-bundle-stats/__test__/webpack-stats/src/index.js","resolvedModule":"./src/index.js","type":"import()","active":true,"explanation":"","userRequest":"./dynamic.js","loc":"8:28-50","moduleId":"./src/index.js","resolvedModuleId":"./src/index.js"}],"usedExports":null,"providedExports":["loadDynamic"],"optimizationBailout":[],"depth":1},{"type":"module","moduleType":"runtime","layer":null,"size":308,"sizes":{"runtime":308},"built":false,"codeGenerated":true,"buildTimeExecuted":false,"cached":false,"identifier":"webpack/runtime/define property getters","name":"webpack/runtime/define property getters","nameForCondition":null,"index":null,"preOrderIndex":null,"index2":null,"postOrderIndex":null,"optional":false,"orphan":false,"failed":false,"errors":0,"warnings":0,"id":"","chunks":["main"],"assets":[],"reasons":[],"usedExports":null,"providedExports":[],"optimizationBailout":[],"depth":null},{"type":"module","moduleType":"runtime","layer":null,"size":326,"sizes":{"runtime":326},"built":false,"codeGenerated":true,"buildTimeExecuted":false,"cached":false,"identifier":"webpack/runtime/ensure chunk","name":"webpack/runtime/ensure chunk","nameForCondition":null,"index":null,"preOrderIndex":null,"index2":null,"postOrderIndex":null,"optional":false,"orphan":false,"failed":false,"errors":0,"warnings":0,"id":"","chunks":["main"],"assets":[],"reasons":[],"usedExports":null,"providedExports":[],"optimizationBailout":[],"depth":null},{"type":"module","moduleType":"runtime","layer":null,"size":174,"sizes":{"runtime":174},"built":false,"codeGenerated":true,"buildTimeExecuted":false,"cached":false,"identifier":"webpack/runtime/get javascript chunk filename","name":"webpack/runtime/get javascript chunk filename","nameForCondition":null,"index":null,"preOrderIndex":null,"index2":null,"postOrderIndex":null,"optional":false,"orphan":false,"failed":false,"errors":0,"warnings":0,"id":"","chunks":["main"],"assets":[],"reasons":[],"usedExports":null,"providedExports":[],"optimizationBailout":[],"depth":null},{"type":"module","moduleType":"runtime","layer":null,"size":221,"sizes":{"runtime":221},"built":false,"codeGenerated":true,"buildTimeExecuted":false,"cached":false,"identifier":"webpack/runtime/global","name":"webpack/runtime/global","nameForCondition":null,"index":null,"preOrderIndex":null,"index2":null,"postOrderIndex":null,"optional":false,"orphan":false,"failed":false,"errors":0,"warnings":0,"id":"","chunks":["main"],"assets":[],"reasons":[],"usedExports":null,"providedExports":[],"optimizationBailout":[],"depth":null},{"type":"module","moduleType":"runtime","layer":null,"size":88,"sizes":{"runtime":88},"built":false,"codeGenerated":true,"buildTimeExecuted":false,"cached":false,"identifier":"webpack/runtime/hasOwnProperty shorthand","name":"webpack/runtime/hasOwnProperty shorthand","nameForCondition":null,"index":null,"preOrderIndex":null,"index2":null,"postOrderIndex":null,"optional":false,"orphan":false,"failed":false,"errors":0,"warnings":0,"id":"","chunks":["main"],"assets":[],"reasons":[],"usedExports":null,"providedExports":[],"optimizationBailout":[],"depth":null},{"type":"module","moduleType":"runtime","layer":null,"size":3041,"sizes":{"runtime":3041},"built":false,"codeGenerated":true,"buildTimeExecuted":false,"cached":false,"identifier":"webpack/runtime/jsonp chunk loading","name":"webpack/runtime/jsonp chunk loading","nameForCondition":null,"index":null,"preOrderIndex":null,"index2":null,"postOrderIndex":null,"optional":false,"orphan":false,"failed":false,"errors":0,"warnings":0,"id":"","chunks":["main"],"assets":[],"reasons":[],"usedExports":null,"providedExports":[],"optimizationBailout":[],"depth":null},{"type":"module","moduleType":"runtime","layer":null,"size":1397,"sizes":{"runtime":1397},"built":false,"codeGenerated":true,"buildTimeExecuted":false,"cached":false,"identifier":"webpack/runtime/load script","name":"webpack/runtime/load script","nameForCondition":null,"index":null,"preOrderIndex":null,"index2":null,"postOrderIndex":null,"optional":false,"orphan":false,"failed":false,"errors":0,"warnings":0,"id":"","chunks":["main"],"assets":[],"reasons":[],"usedExports":null,"providedExports":[],"optimizationBailout":[],"depth":null},{"type":"module","moduleType":"runtime","layer":null,"size":274,"sizes":{"runtime":274},"built":false,"codeGenerated":true,"buildTimeExecuted":false,"cached":false,"identifier":"webpack/runtime/make namespace object","name":"webpack/runtime/make namespace object","nameForCondition":null,"index":null,"preOrderIndex":null,"index2":null,"postOrderIndex":null,"optional":false,"orphan":false,"failed":false,"errors":0,"warnings":0,"id":"","chunks":["main"],"assets":[],"reasons":[],"usedExports":null,"providedExports":[],"optimizationBailout":[],"depth":null},{"type":"module","moduleType":"runtime","layer":null,"size":1041,"sizes":{"runtime":1041},"built":false,"codeGenerated":true,"buildTimeExecuted":false,"cached":false,"identifier":"webpack/runtime/publicPath","name":"webpack/runtime/publicPath","nameForCondition":null,"index":null,"preOrderIndex":null,"index2":null,"postOrderIndex":null,"optional":false,"orphan":false,"failed":false,"errors":0,"warnings":0,"id":"","chunks":["main"],"assets":[],"reasons":[],"usedExports":null,"providedExports":[],"optimizationBailout":[],"depth":null}],"entrypoints":{"main":{"name":"main","chunks":["main"],"assets":[{"name":"bundle.js","size":17502}],"filteredAssets":0,"assetsSize":17502,"auxiliaryAssets":[],"filteredAuxiliaryAssets":0,"auxiliaryAssetsSize":0,"children":{},"childAssets":{},"isOverSizeLimit":false}},"namedChunkGroups":{"main":{"name":"main","chunks":["main"],"assets":[{"name":"bundle.js","size":17502}],"filteredAssets":0,"assetsSize":17502,"auxiliaryAssets":[],"filteredAuxiliaryAssets":0,"auxiliaryAssetsSize":0,"children":{},"childAssets":{},"isOverSizeLimit":false}},"errors":[],"errorsCount":0,"warnings":[],"warningsCount":0,"children":[]}