Code PushUp CLI
[ info ] Run collect...
Code PushUp Report - @code-pushup/core@0.57.0


JSDoc coverage audits

● Properties coverage                                       1 undocumented
                                                            properties
● Variables coverage                                        1 undocumented
                                                            variables
● Functions coverage                                        2 undocumented
                                                            functions
● Methods coverage                                          1 undocumented
                                                            methods
● ... 4 audits with perfect scores omitted for brevity ...

Made with ❤ by code-pushup.dev

[ success ] Collecting report successful!
[ info ] 💡 Configure categories to see the scores in an overview table. See: https://github.com/code-pushup/cli/blob/main/packages/cli/README.md
╭────────────────────────────────────────────────────────────────────────────────────────────╮
│                                                                                            │
│    💡 Visualize your reports                                                               │
│                                                                                            │
│    ❯ npx code-pushup upload - Run upload to upload the created report to the server        │
│      https://github.com/code-pushup/cli/tree/main/packages/cli#upload-command              │
│    ❯ npx code-pushup autorun - Run collect & upload                                        │
│      https://github.com/code-pushup/cli/tree/main/packages/cli#autorun-command             │
│                                                                                            │
╰────────────────────────────────────────────────────────────────────────────────────────────╯
