.                              70.00 %
└── src                        45.39 %
    ├── components             97.36 %
    │   ├── CreateTodo.jsx    100.00 %
    │   ├── TodoFilter.jsx     90.90 %  18
    │   └── TodoList.jsx      100.00 %
    └── hooks                   0.00 %
        └── useTodos.js         0.00 %  1-73
